--- JOB=51354462 HOST=fc10711
--- CONFIG=/project/6061446/kbas/graphnet/examples/09_pone_muon_direction/configs/102_string_emax1e6.yml
--- LOCAL_GRAPHNET_SRC=/project/def-nahee/kbas/graphnet/src
--- CONTAINER_IMAGE=docker://rorsoe/graphnet:graphnet-1.8.0-cu126-torch26-ubuntu-22.04
--- STAGE=all RESUME_FLAG=
--- OUTPUT=/project/def-nahee/kbas/Graphnet-Applications/Results/340StringMC_JointDirection/102_string_emax1e6/joint_weighted_alpha05_v1/train_all.out
INFO:    Using cached SIF image
WARNING: While bind mounting '/project:/project': destination is already in the mount point list
[1;34mgraphnet[0m [MainProcess] [33mWARNING [0m 2026-07-28 20:49:28 - <module> - `icecube` not available. Some functionality may be missing.[0m
[1;34mgraphnet[0m [MainProcess] [33mWARNING [0m 2026-07-28 20:49:30 - <module> - `km3net` not available. Some functionality may be missing.[0m
torchdiffeq not found - no support for continuous flows. Install *torchdiffeq* if support is desired!
Meander not installed... contours can not be calculated.
Healpy not installed... spherical contours can not be calculated.
package *astropy* not found -> if you want to use plotting functionality for adaptive grids, install *astropy*!
package *mhealpy* not found -> if you want to use plotting functionality for adaptive grids, install *mhealpy*!
Cannot use healpy functionality. Install healpy, if you need to do entropy scanning!
[1;34mgraphnet[0m [MainProcess] [33mWARNING [0m 2026-07-28 20:49:34 - <module> - `graphnet.models.graphs` will be depricated soon. All functionality has been moved to `graphnet.models.data_representation`.[0m
[GraphNeT] local source verified: /project/6061446/kbas/graphnet/src/graphnet/__init__.py
Seed set to 20260202
[Data] Muon-CC, triggered-nonoise, schema, and split audit passed
[Data] train: 164,226 events | /home/kbas/scratch/String340MC_pone_offline_version3_plus/Parquet/102_string/Muon_Parquet_Emax1e6/merged/train_reindexed
[Data] val: 20,525 events | /home/kbas/scratch/String340MC_pone_offline_version3_plus/Parquet/102_string/Muon_Parquet_Emax1e6/merged/val_reindexed
[Data] test: 20,536 events | /home/kbas/scratch/String340MC_pone_offline_version3_plus/Parquet/102_string/Muon_Parquet_Emax1e6/merged/test_reindexed
[Weights] alpha=0.5, train mean=1.000000, range=[0.6459, 3.305]
[1;34mgraphnet[0m [MainProcess] [32mINFO    [0m 2026-07-28 20:50:01 - PONE.__init__ - Writing log to [1mlogs/graphnet_20260728-205001.log[0m
[Loader] train=641, val=81; test loader intentionally not constructed before checkpoint freeze

========== stage_a: vmf ==========
output: /project/def-nahee/kbas/Graphnet-Applications/Results/340StringMC_JointDirection/102_string_emax1e6/joint_weighted_alpha05_v1/stage_a_vmf
train batches: 641
validation batches: 81
optimizer steps/epoch: 161
GPU available: True (cuda), used: True
TPU available: False, using: 0 TPU cores
LOCAL_RANK: 0 - CUDA_VISIBLE_DEVICES: [0]

  | Name                 | Type       | Params | Mode  | FLOPs
--------------------------------------------------------------------
0 | _tasks               | ModuleList | 387    | train | 0    
1 | _data_representation | KNNGraph   | 0      | train | 0    
2 | backbone             | DynEdge    | 1.4 M  | train | 0    
--------------------------------------------------------------------
1.4 M     Trainable params
0         Non-trainable params
1.4 M     Total params
5.502     Total estimated model params size (MB)
37        Modules in train mode
0         Modules in eval mode
0         Total Flops
[1;34mgraphnet[0m [SpawnProcess-1] [33mWARNING [0m 2026-07-28 20:50:05 - <module> - `icecube` not available. Some functionality may be missing.[0m
[1;34mgraphnet[0m [SpawnProcess-1] [33mWARNING [0m 2026-07-28 20:50:05 - <module> - `km3net` not available. Some functionality may be missing.[0m
torchdiffeq not found - no support for continuous flows. Install *torchdiffeq* if support is desired!
Meander not installed... contours can not be calculated.
Healpy not installed... spherical contours can not be calculated.
package *astropy* not found -> if you want to use plotting functionality for adaptive grids, install *astropy*!
package *mhealpy* not found -> if you want to use plotting functionality for adaptive grids, install *mhealpy*!
Cannot use healpy functionality. Install healpy, if you need to do entropy scanning!
[1;34mgraphnet[0m [SpawnProcess-1] [33mWARNING [0m 2026-07-28 20:50:06 - <module> - `graphnet.models.graphs` will be depricated soon. All functionality has been moved to `graphnet.models.data_representation`.[0m
[1;34mgraphnet[0m [SpawnProcess-2] [33mWARNING [0m 2026-07-28 20:50:08 - <module> - `icecube` not available. Some functionality may be missing.[0m
[1;34mgraphnet[0m [SpawnProcess-2] [33mWARNING [0m 2026-07-28 20:50:09 - <module> - `km3net` not available. Some functionality may be missing.[0m
torchdiffeq not found - no support for continuous flows. Install *torchdiffeq* if support is desired!
Meander not installed... contours can not be calculated.
Healpy not installed... spherical contours can not be calculated.
package *astropy* not found -> if you want to use plotting functionality for adaptive grids, install *astropy*!
package *mhealpy* not found -> if you want to use plotting functionality for adaptive grids, install *mhealpy*!
Cannot use healpy functionality. Install healpy, if you need to do entropy scanning!
[1;34mgraphnet[0m [SpawnProcess-2] [33mWARNING [0m 2026-07-28 20:50:09 - <module> - `graphnet.models.graphs` will be depricated soon. All functionality has been moved to `graphnet.models.data_representation`.[0m
[1;34mgraphnet[0m [SpawnProcess-3] [33mWARNING [0m 2026-07-28 20:50:12 - <module> - `icecube` not available. Some functionality may be missing.[0m
[1;34mgraphnet[0m [SpawnProcess-3] [33mWARNING [0m 2026-07-28 20:50:12 - <module> - `km3net` not available. Some functionality may be missing.[0m
torchdiffeq not found - no support for continuous flows. Install *torchdiffeq* if support is desired!
Meander not installed... contours can not be calculated.
Healpy not installed... spherical contours can not be calculated.
package *astropy* not found -> if you want to use plotting functionality for adaptive grids, install *astropy*!
package *mhealpy* not found -> if you want to use plotting functionality for adaptive grids, install *mhealpy*!
Cannot use healpy functionality. Install healpy, if you need to do entropy scanning!
[1;34mgraphnet[0m [SpawnProcess-3] [33mWARNING [0m 2026-07-28 20:50:13 - <module> - `graphnet.models.graphs` will be depricated soon. All functionality has been moved to `graphnet.models.data_representation`.[0m
[1;34mgraphnet[0m [SpawnProcess-4] [33mWARNING [0m 2026-07-28 20:50:16 - <module> - `icecube` not available. Some functionality may be missing.[0m
[1;34mgraphnet[0m [SpawnProcess-4] [33mWARNING [0m 2026-07-28 20:50:16 - <module> - `km3net` not available. Some functionality may be missing.[0m
torchdiffeq not found - no support for continuous flows. Install *torchdiffeq* if support is desired!
Meander not installed... contours can not be calculated.
Healpy not installed... spherical contours can not be calculated.
package *astropy* not found -> if you want to use plotting functionality for adaptive grids, install *astropy*!
package *mhealpy* not found -> if you want to use plotting functionality for adaptive grids, install *mhealpy*!
Cannot use healpy functionality. Install healpy, if you need to do entropy scanning!
[1;34mgraphnet[0m [SpawnProcess-4] [33mWARNING [0m 2026-07-28 20:50:16 - <module> - `graphnet.models.graphs` will be depricated soon. All functionality has been moved to `graphnet.models.data_representation`.[0m
[1;34mgraphnet[0m [SpawnProcess-5] [33mWARNING [0m 2026-07-28 20:50:19 - <module> - `icecube` not available. Some functionality may be missing.[0m
[1;34mgraphnet[0m [SpawnProcess-5] [33mWARNING [0m 2026-07-28 20:50:19 - <module> - `km3net` not available. Some functionality may be missing.[0m
torchdiffeq not found - no support for continuous flows. Install *torchdiffeq* if support is desired!
Meander not installed... contours can not be calculated.
Healpy not installed... spherical contours can not be calculated.
package *astropy* not found -> if you want to use plotting functionality for adaptive grids, install *astropy*!
package *mhealpy* not found -> if you want to use plotting functionality for adaptive grids, install *mhealpy*!
Cannot use healpy functionality. Install healpy, if you need to do entropy scanning!
[1;34mgraphnet[0m [SpawnProcess-5] [33mWARNING [0m 2026-07-28 20:50:20 - <module> - `graphnet.models.graphs` will be depricated soon. All functionality has been moved to `graphnet.models.data_representation`.[0m
[1;34mgraphnet[0m [SpawnProcess-6] [33mWARNING [0m 2026-07-28 20:50:23 - <module> - `icecube` not available. Some functionality may be missing.[0m
[1;34mgraphnet[0m [SpawnProcess-6] [33mWARNING [0m 2026-07-28 20:50:23 - <module> - `km3net` not available. Some functionality may be missing.[0m
torchdiffeq not found - no support for continuous flows. Install *torchdiffeq* if support is desired!
Meander not installed... contours can not be calculated.
Healpy not installed... spherical contours can not be calculated.
package *astropy* not found -> if you want to use plotting functionality for adaptive grids, install *astropy*!
package *mhealpy* not found -> if you want to use plotting functionality for adaptive grids, install *mhealpy*!
Cannot use healpy functionality. Install healpy, if you need to do entropy scanning!
[1;34mgraphnet[0m [SpawnProcess-6] [33mWARNING [0m 2026-07-28 20:50:23 - <module> - `graphnet.models.graphs` will be depricated soon. All functionality has been moved to `graphnet.models.data_representation`.[0m
[1;34mgraphnet[0m [SpawnProcess-7] [33mWARNING [0m 2026-07-28 20:50:26 - <module> - `icecube` not available. Some functionality may be missing.[0m
[1;34mgraphnet[0m [SpawnProcess-7] [33mWARNING [0m 2026-07-28 20:50:26 - <module> - `km3net` not available. Some functionality may be missing.[0m
torchdiffeq not found - no support for continuous flows. Install *torchdiffeq* if support is desired!
Meander not installed... contours can not be calculated.
Healpy not installed... spherical contours can not be calculated.
package *astropy* not found -> if you want to use plotting functionality for adaptive grids, install *astropy*!
package *mhealpy* not found -> if you want to use plotting functionality for adaptive grids, install *mhealpy*!
Cannot use healpy functionality. Install healpy, if you need to do entropy scanning!
[1;34mgraphnet[0m [SpawnProcess-7] [33mWARNING [0m 2026-07-28 20:50:27 - <module> - `graphnet.models.graphs` will be depricated soon. All functionality has been moved to `graphnet.models.data_representation`.[0m
[1;34mgraphnet[0m [SpawnProcess-8] [33mWARNING [0m 2026-07-28 20:50:30 - <module> - `icecube` not available. Some functionality may be missing.[0m
[1;34mgraphnet[0m [SpawnProcess-8] [33mWARNING [0m 2026-07-28 20:50:30 - <module> - `km3net` not available. Some functionality may be missing.[0m
torchdiffeq not found - no support for continuous flows. Install *torchdiffeq* if support is desired!
Meander not installed... contours can not be calculated.
Healpy not installed... spherical contours can not be calculated.
package *astropy* not found -> if you want to use plotting functionality for adaptive grids, install *astropy*!
package *mhealpy* not found -> if you want to use plotting functionality for adaptive grids, install *mhealpy*!
Cannot use healpy functionality. Install healpy, if you need to do entropy scanning!
[1;34mgraphnet[0m [SpawnProcess-8] [33mWARNING [0m 2026-07-28 20:50:31 - <module> - `graphnet.models.graphs` will be depricated soon. All functionality has been moved to `graphnet.models.data_representation`.[0m
[1;34mgraphnet[0m [SpawnProcess-9] [33mWARNING [0m 2026-07-28 20:50:36 - <module> - `icecube` not available. Some functionality may be missing.[0m
[1;34mgraphnet[0m [SpawnProcess-9] [33mWARNING [0m 2026-07-28 20:50:36 - <module> - `km3net` not available. Some functionality may be missing.[0m
torchdiffeq not found - no support for continuous flows. Install *torchdiffeq* if support is desired!
Meander not installed... contours can not be calculated.
Healpy not installed... spherical contours can not be calculated.
package *astropy* not found -> if you want to use plotting functionality for adaptive grids, install *astropy*!
package *mhealpy* not found -> if you want to use plotting functionality for adaptive grids, install *mhealpy*!
Cannot use healpy functionality. Install healpy, if you need to do entropy scanning!
[1;34mgraphnet[0m [SpawnProcess-9] [33mWARNING [0m 2026-07-28 20:50:37 - <module> - `graphnet.models.graphs` will be depricated soon. All functionality has been moved to `graphnet.models.data_representation`.[0m
[1;34mgraphnet[0m [SpawnProcess-10] [33mWARNING [0m 2026-07-28 20:50:40 - <module> - `icecube` not available. Some functionality may be missing.[0m
[1;34mgraphnet[0m [SpawnProcess-10] [33mWARNING [0m 2026-07-28 20:50:40 - <module> - `km3net` not available. Some functionality may be missing.[0m
torchdiffeq not found - no support for continuous flows. Install *torchdiffeq* if support is desired!
Meander not installed... contours can not be calculated.
Healpy not installed... spherical contours can not be calculated.
package *astropy* not found -> if you want to use plotting functionality for adaptive grids, install *astropy*!
package *mhealpy* not found -> if you want to use plotting functionality for adaptive grids, install *mhealpy*!
Cannot use healpy functionality. Install healpy, if you need to do entropy scanning!
[1;34mgraphnet[0m [SpawnProcess-10] [33mWARNING [0m 2026-07-28 20:50:41 - <module> - `graphnet.models.graphs` will be depricated soon. All functionality has been moved to `graphnet.models.data_representation`.[0m
[1;34mgraphnet[0m [SpawnProcess-11] [33mWARNING [0m 2026-07-28 20:50:44 - <module> - `icecube` not available. Some functionality may be missing.[0m
[1;34mgraphnet[0m [SpawnProcess-11] [33mWARNING [0m 2026-07-28 20:50:44 - <module> - `km3net` not available. Some functionality may be missing.[0m
torchdiffeq not found - no support for continuous flows. Install *torchdiffeq* if support is desired!
Meander not installed... contours can not be calculated.
Healpy not installed... spherical contours can not be calculated.
package *astropy* not found -> if you want to use plotting functionality for adaptive grids, install *astropy*!
package *mhealpy* not found -> if you want to use plotting functionality for adaptive grids, install *mhealpy*!
Cannot use healpy functionality. Install healpy, if you need to do entropy scanning!
[1;34mgraphnet[0m [SpawnProcess-11] [33mWARNING [0m 2026-07-28 20:50:44 - <module> - `graphnet.models.graphs` will be depricated soon. All functionality has been moved to `graphnet.models.data_representation`.[0m
[1;34mgraphnet[0m [SpawnProcess-12] [33mWARNING [0m 2026-07-28 20:50:47 - <module> - `icecube` not available. Some functionality may be missing.[0m
[1;34mgraphnet[0m [SpawnProcess-12] [33mWARNING [0m 2026-07-28 20:50:47 - <module> - `km3net` not available. Some functionality may be missing.[0m
torchdiffeq not found - no support for continuous flows. Install *torchdiffeq* if support is desired!
Meander not installed... contours can not be calculated.
Healpy not installed... spherical contours can not be calculated.
package *astropy* not found -> if you want to use plotting functionality for adaptive grids, install *astropy*!
package *mhealpy* not found -> if you want to use plotting functionality for adaptive grids, install *mhealpy*!
Cannot use healpy functionality. Install healpy, if you need to do entropy scanning!
[1;34mgraphnet[0m [SpawnProcess-12] [33mWARNING [0m 2026-07-28 20:50:48 - <module> - `graphnet.models.graphs` will be depricated soon. All functionality has been moved to `graphnet.models.data_representation`.[0m
[1;34mgraphnet[0m [SpawnProcess-13] [33mWARNING [0m 2026-07-28 20:50:51 - <module> - `icecube` not available. Some functionality may be missing.[0m
[1;34mgraphnet[0m [SpawnProcess-13] [33mWARNING [0m 2026-07-28 20:50:51 - <module> - `km3net` not available. Some functionality may be missing.[0m
torchdiffeq not found - no support for continuous flows. Install *torchdiffeq* if support is desired!
Meander not installed... contours can not be calculated.
Healpy not installed... spherical contours can not be calculated.
package *astropy* not found -> if you want to use plotting functionality for adaptive grids, install *astropy*!
package *mhealpy* not found -> if you want to use plotting functionality for adaptive grids, install *mhealpy*!
Cannot use healpy functionality. Install healpy, if you need to do entropy scanning!
[1;34mgraphnet[0m [SpawnProcess-13] [33mWARNING [0m 2026-07-28 20:50:52 - <module> - `graphnet.models.graphs` will be depricated soon. All functionality has been moved to `graphnet.models.data_representation`.[0m
[1;34mgraphnet[0m [SpawnProcess-14] [33mWARNING [0m 2026-07-28 20:50:54 - <module> - `icecube` not available. Some functionality may be missing.[0m
[1;34mgraphnet[0m [SpawnProcess-14] [33mWARNING [0m 2026-07-28 20:50:54 - <module> - `km3net` not available. Some functionality may be missing.[0m
torchdiffeq not found - no support for continuous flows. Install *torchdiffeq* if support is desired!
Meander not installed... contours can not be calculated.
Healpy not installed... spherical contours can not be calculated.
package *astropy* not found -> if you want to use plotting functionality for adaptive grids, install *astropy*!
package *mhealpy* not found -> if you want to use plotting functionality for adaptive grids, install *mhealpy*!
Cannot use healpy functionality. Install healpy, if you need to do entropy scanning!
[1;34mgraphnet[0m [SpawnProcess-14] [33mWARNING [0m 2026-07-28 20:50:55 - <module> - `graphnet.models.graphs` will be depricated soon. All functionality has been moved to `graphnet.models.data_representation`.[0m
[1;34mgraphnet[0m [SpawnProcess-15] [33mWARNING [0m 2026-07-28 20:50:58 - <module> - `icecube` not available. Some functionality may be missing.[0m
[1;34mgraphnet[0m [SpawnProcess-15] [33mWARNING [0m 2026-07-28 20:50:58 - <module> - `km3net` not available. Some functionality may be missing.[0m
torchdiffeq not found - no support for continuous flows. Install *torchdiffeq* if support is desired!
Meander not installed... contours can not be calculated.
Healpy not installed... spherical contours can not be calculated.
package *astropy* not found -> if you want to use plotting functionality for adaptive grids, install *astropy*!
package *mhealpy* not found -> if you want to use plotting functionality for adaptive grids, install *mhealpy*!
Cannot use healpy functionality. Install healpy, if you need to do entropy scanning!
[1;34mgraphnet[0m [SpawnProcess-15] [33mWARNING [0m 2026-07-28 20:50:59 - <module> - `graphnet.models.graphs` will be depricated soon. All functionality has been moved to `graphnet.models.data_representation`.[0m
[1;34mgraphnet[0m [SpawnProcess-16] [33mWARNING [0m 2026-07-28 20:51:02 - <module> - `icecube` not available. Some functionality may be missing.[0m
[1;34mgraphnet[0m [SpawnProcess-16] [33mWARNING [0m 2026-07-28 20:51:02 - <module> - `km3net` not available. Some functionality may be missing.[0m
torchdiffeq not found - no support for continuous flows. Install *torchdiffeq* if support is desired!
Meander not installed... contours can not be calculated.
Healpy not installed... spherical contours can not be calculated.
package *astropy* not found -> if you want to use plotting functionality for adaptive grids, install *astropy*!
package *mhealpy* not found -> if you want to use plotting functionality for adaptive grids, install *mhealpy*!
Cannot use healpy functionality. Install healpy, if you need to do entropy scanning!
[1;34mgraphnet[0m [SpawnProcess-16] [33mWARNING [0m 2026-07-28 20:51:02 - <module> - `graphnet.models.graphs` will be depricated soon. All functionality has been moved to `graphnet.models.data_representation`.[0m
[Checkpoint:stage_a] best_macro_median: val_macro_median_deg=61.7835 at epoch 0
[Checkpoint:stage_a] best_global_median: val_global_median_deg=71.7358 at epoch 0
[Checkpoint:stage_a] best_global_q68: val_global_q68_deg=96.7057 at epoch 0
[Checkpoint:stage_a] best_weighted_objective: val_objective_loss_weighted=2.50129 at epoch 0
[Checkpoint:stage_a] best_macro_median: val_macro_median_deg=16.1641 at epoch 1
[Checkpoint:stage_a] best_global_median: val_global_median_deg=17.9324 at epoch 1
[Checkpoint:stage_a] best_global_q68: val_global_q68_deg=29.0528 at epoch 1
[Checkpoint:stage_a] best_weighted_objective: val_objective_loss_weighted=0.818335 at epoch 1
[Checkpoint:stage_a] best_macro_median: val_macro_median_deg=10.1652 at epoch 2
[Checkpoint:stage_a] best_global_median: val_global_median_deg=12.0267 at epoch 2
[Checkpoint:stage_a] best_global_q68: val_global_q68_deg=20.2734 at epoch 2
[Checkpoint:stage_a] best_weighted_objective: val_objective_loss_weighted=-0.129151 at epoch 2
`Trainer.fit` stopped: `max_epochs=3` reached.
[stage_b initialization] loaded network state: /project/def-nahee/kbas/Graphnet-Applications/Results/340StringMC_JointDirection/102_string_emax1e6/joint_weighted_alpha05_v1/stage_a_vmf/checkpoints/last.ckpt

========== stage_b: angular_hybrid ==========
output: /project/def-nahee/kbas/Graphnet-Applications/Results/340StringMC_JointDirection/102_string_emax1e6/joint_weighted_alpha05_v1/stage_b_angular_hybrid
train batches: 641
validation batches: 81
optimizer steps/epoch: 161
GPU available: True (cuda), used: True
TPU available: False, using: 0 TPU cores
LOCAL_RANK: 0 - CUDA_VISIBLE_DEVICES: [0]

  | Name                 | Type       | Params | Mode  | FLOPs
--------------------------------------------------------------------
0 | _tasks               | ModuleList | 387    | train | 0    
1 | _data_representation | KNNGraph   | 0      | train | 0    
2 | backbone             | DynEdge    | 1.4 M  | train | 0    
--------------------------------------------------------------------
1.4 M     Trainable params
0         Non-trainable params
1.4 M     Total params
5.502     Total estimated model params size (MB)
37        Modules in train mode
0         Modules in eval mode
0         Total Flops
[1;34mgraphnet[0m [SpawnProcess-17] [33mWARNING [0m 2026-07-28 21:45:17 - <module> - `icecube` not available. Some functionality may be missing.[0m
[1;34mgraphnet[0m [SpawnProcess-17] [33mWARNING [0m 2026-07-28 21:45:20 - <module> - `km3net` not available. Some functionality may be missing.[0m
torchdiffeq not found - no support for continuous flows. Install *torchdiffeq* if support is desired!
Meander not installed... contours can not be calculated.
Healpy not installed... spherical contours can not be calculated.
package *astropy* not found -> if you want to use plotting functionality for adaptive grids, install *astropy*!
package *mhealpy* not found -> if you want to use plotting functionality for adaptive grids, install *mhealpy*!
Cannot use healpy functionality. Install healpy, if you need to do entropy scanning!
[1;34mgraphnet[0m [SpawnProcess-17] [33mWARNING [0m 2026-07-28 21:45:24 - <module> - `graphnet.models.graphs` will be depricated soon. All functionality has been moved to `graphnet.models.data_representation`.[0m
[1;34mgraphnet[0m [SpawnProcess-18] [33mWARNING [0m 2026-07-28 21:45:27 - <module> - `icecube` not available. Some functionality may be missing.[0m
[1;34mgraphnet[0m [SpawnProcess-18] [33mWARNING [0m 2026-07-28 21:45:27 - <module> - `km3net` not available. Some functionality may be missing.[0m
torchdiffeq not found - no support for continuous flows. Install *torchdiffeq* if support is desired!
Meander not installed... contours can not be calculated.
Healpy not installed... spherical contours can not be calculated.
package *astropy* not found -> if you want to use plotting functionality for adaptive grids, install *astropy*!
package *mhealpy* not found -> if you want to use plotting functionality for adaptive grids, install *mhealpy*!
Cannot use healpy functionality. Install healpy, if you need to do entropy scanning!
[1;34mgraphnet[0m [SpawnProcess-18] [33mWARNING [0m 2026-07-28 21:45:28 - <module> - `graphnet.models.graphs` will be depricated soon. All functionality has been moved to `graphnet.models.data_representation`.[0m
[1;34mgraphnet[0m [SpawnProcess-19] [33mWARNING [0m 2026-07-28 21:45:31 - <module> - `icecube` not available. Some functionality may be missing.[0m
[1;34mgraphnet[0m [SpawnProcess-19] [33mWARNING [0m 2026-07-28 21:45:31 - <module> - `km3net` not available. Some functionality may be missing.[0m
torchdiffeq not found - no support for continuous flows. Install *torchdiffeq* if support is desired!
Meander not installed... contours can not be calculated.
Healpy not installed... spherical contours can not be calculated.
package *astropy* not found -> if you want to use plotting functionality for adaptive grids, install *astropy*!
package *mhealpy* not found -> if you want to use plotting functionality for adaptive grids, install *mhealpy*!
Cannot use healpy functionality. Install healpy, if you need to do entropy scanning!
[1;34mgraphnet[0m [SpawnProcess-19] [33mWARNING [0m 2026-07-28 21:45:32 - <module> - `graphnet.models.graphs` will be depricated soon. All functionality has been moved to `graphnet.models.data_representation`.[0m
[1;34mgraphnet[0m [SpawnProcess-20] [33mWARNING [0m 2026-07-28 21:45:34 - <module> - `icecube` not available. Some functionality may be missing.[0m
[1;34mgraphnet[0m [SpawnProcess-20] [33mWARNING [0m 2026-07-28 21:45:34 - <module> - `km3net` not available. Some functionality may be missing.[0m
torchdiffeq not found - no support for continuous flows. Install *torchdiffeq* if support is desired!
Meander not installed... contours can not be calculated.
Healpy not installed... spherical contours can not be calculated.
package *astropy* not found -> if you want to use plotting functionality for adaptive grids, install *astropy*!
package *mhealpy* not found -> if you want to use plotting functionality for adaptive grids, install *mhealpy*!
Cannot use healpy functionality. Install healpy, if you need to do entropy scanning!
[1;34mgraphnet[0m [SpawnProcess-20] [33mWARNING [0m 2026-07-28 21:45:35 - <module> - `graphnet.models.graphs` will be depricated soon. All functionality has been moved to `graphnet.models.data_representation`.[0m
[1;34mgraphnet[0m [SpawnProcess-21] [33mWARNING [0m 2026-07-28 21:45:38 - <module> - `icecube` not available. Some functionality may be missing.[0m
[1;34mgraphnet[0m [SpawnProcess-21] [33mWARNING [0m 2026-07-28 21:45:38 - <module> - `km3net` not available. Some functionality may be missing.[0m
torchdiffeq not found - no support for continuous flows. Install *torchdiffeq* if support is desired!
Meander not installed... contours can not be calculated.
Healpy not installed... spherical contours can not be calculated.
package *astropy* not found -> if you want to use plotting functionality for adaptive grids, install *astropy*!
package *mhealpy* not found -> if you want to use plotting functionality for adaptive grids, install *mhealpy*!
Cannot use healpy functionality. Install healpy, if you need to do entropy scanning!
[1;34mgraphnet[0m [SpawnProcess-21] [33mWARNING [0m 2026-07-28 21:45:39 - <module> - `graphnet.models.graphs` will be depricated soon. All functionality has been moved to `graphnet.models.data_representation`.[0m
[1;34mgraphnet[0m [SpawnProcess-22] [33mWARNING [0m 2026-07-28 21:45:41 - <module> - `icecube` not available. Some functionality may be missing.[0m
[1;34mgraphnet[0m [SpawnProcess-22] [33mWARNING [0m 2026-07-28 21:45:42 - <module> - `km3net` not available. Some functionality may be missing.[0m
torchdiffeq not found - no support for continuous flows. Install *torchdiffeq* if support is desired!
Meander not installed... contours can not be calculated.
Healpy not installed... spherical contours can not be calculated.
package *astropy* not found -> if you want to use plotting functionality for adaptive grids, install *astropy*!
package *mhealpy* not found -> if you want to use plotting functionality for adaptive grids, install *mhealpy*!
Cannot use healpy functionality. Install healpy, if you need to do entropy scanning!
[1;34mgraphnet[0m [SpawnProcess-22] [33mWARNING [0m 2026-07-28 21:45:42 - <module> - `graphnet.models.graphs` will be depricated soon. All functionality has been moved to `graphnet.models.data_representation`.[0m
[1;34mgraphnet[0m [SpawnProcess-23] [33mWARNING [0m 2026-07-28 21:45:45 - <module> - `icecube` not available. Some functionality may be missing.[0m
[1;34mgraphnet[0m [SpawnProcess-23] [33mWARNING [0m 2026-07-28 21:45:45 - <module> - `km3net` not available. Some functionality may be missing.[0m
torchdiffeq not found - no support for continuous flows. Install *torchdiffeq* if support is desired!
Meander not installed... contours can not be calculated.
Healpy not installed... spherical contours can not be calculated.
package *astropy* not found -> if you want to use plotting functionality for adaptive grids, install *astropy*!
package *mhealpy* not found -> if you want to use plotting functionality for adaptive grids, install *mhealpy*!
Cannot use healpy functionality. Install healpy, if you need to do entropy scanning!
[1;34mgraphnet[0m [SpawnProcess-23] [33mWARNING [0m 2026-07-28 21:45:46 - <module> - `graphnet.models.graphs` will be depricated soon. All functionality has been moved to `graphnet.models.data_representation`.[0m
[1;34mgraphnet[0m [SpawnProcess-24] [33mWARNING [0m 2026-07-28 21:45:49 - <module> - `icecube` not available. Some functionality may be missing.[0m
[1;34mgraphnet[0m [SpawnProcess-24] [33mWARNING [0m 2026-07-28 21:45:49 - <module> - `km3net` not available. Some functionality may be missing.[0m
torchdiffeq not found - no support for continuous flows. Install *torchdiffeq* if support is desired!
Meander not installed... contours can not be calculated.
Healpy not installed... spherical contours can not be calculated.
package *astropy* not found -> if you want to use plotting functionality for adaptive grids, install *astropy*!
package *mhealpy* not found -> if you want to use plotting functionality for adaptive grids, install *mhealpy*!
Cannot use healpy functionality. Install healpy, if you need to do entropy scanning!
[1;34mgraphnet[0m [SpawnProcess-24] [33mWARNING [0m 2026-07-28 21:45:50 - <module> - `graphnet.models.graphs` will be depricated soon. All functionality has been moved to `graphnet.models.data_representation`.[0m
[1;34mgraphnet[0m [SpawnProcess-25] [33mWARNING [0m 2026-07-28 21:45:54 - <module> - `icecube` not available. Some functionality may be missing.[0m
[1;34mgraphnet[0m [SpawnProcess-25] [33mWARNING [0m 2026-07-28 21:45:54 - <module> - `km3net` not available. Some functionality may be missing.[0m
torchdiffeq not found - no support for continuous flows. Install *torchdiffeq* if support is desired!
Meander not installed... contours can not be calculated.
Healpy not installed... spherical contours can not be calculated.
package *astropy* not found -> if you want to use plotting functionality for adaptive grids, install *astropy*!
package *mhealpy* not found -> if you want to use plotting functionality for adaptive grids, install *mhealpy*!
Cannot use healpy functionality. Install healpy, if you need to do entropy scanning!
[1;34mgraphnet[0m [SpawnProcess-25] [33mWARNING [0m 2026-07-28 21:45:55 - <module> - `graphnet.models.graphs` will be depricated soon. All functionality has been moved to `graphnet.models.data_representation`.[0m
[1;34mgraphnet[0m [SpawnProcess-26] [33mWARNING [0m 2026-07-28 21:45:57 - <module> - `icecube` not available. Some functionality may be missing.[0m
[1;34mgraphnet[0m [SpawnProcess-26] [33mWARNING [0m 2026-07-28 21:45:58 - <module> - `km3net` not available. Some functionality may be missing.[0m
torchdiffeq not found - no support for continuous flows. Install *torchdiffeq* if support is desired!
Meander not installed... contours can not be calculated.
Healpy not installed... spherical contours can not be calculated.
package *astropy* not found -> if you want to use plotting functionality for adaptive grids, install *astropy*!
package *mhealpy* not found -> if you want to use plotting functionality for adaptive grids, install *mhealpy*!
Cannot use healpy functionality. Install healpy, if you need to do entropy scanning!
[1;34mgraphnet[0m [SpawnProcess-26] [33mWARNING [0m 2026-07-28 21:45:58 - <module> - `graphnet.models.graphs` will be depricated soon. All functionality has been moved to `graphnet.models.data_representation`.[0m
[1;34mgraphnet[0m [SpawnProcess-27] [33mWARNING [0m 2026-07-28 21:46:01 - <module> - `icecube` not available. Some functionality may be missing.[0m
[1;34mgraphnet[0m [SpawnProcess-27] [33mWARNING [0m 2026-07-28 21:46:01 - <module> - `km3net` not available. Some functionality may be missing.[0m
torchdiffeq not found - no support for continuous flows. Install *torchdiffeq* if support is desired!
Meander not installed... contours can not be calculated.
Healpy not installed... spherical contours can not be calculated.
package *astropy* not found -> if you want to use plotting functionality for adaptive grids, install *astropy*!
package *mhealpy* not found -> if you want to use plotting functionality for adaptive grids, install *mhealpy*!
Cannot use healpy functionality. Install healpy, if you need to do entropy scanning!
[1;34mgraphnet[0m [SpawnProcess-27] [33mWARNING [0m 2026-07-28 21:46:02 - <module> - `graphnet.models.graphs` will be depricated soon. All functionality has been moved to `graphnet.models.data_representation`.[0m
[1;34mgraphnet[0m [SpawnProcess-28] [33mWARNING [0m 2026-07-28 21:46:05 - <module> - `icecube` not available. Some functionality may be missing.[0m
[1;34mgraphnet[0m [SpawnProcess-28] [33mWARNING [0m 2026-07-28 21:46:05 - <module> - `km3net` not available. Some functionality may be missing.[0m
torchdiffeq not found - no support for continuous flows. Install *torchdiffeq* if support is desired!
Meander not installed... contours can not be calculated.
Healpy not installed... spherical contours can not be calculated.
package *astropy* not found -> if you want to use plotting functionality for adaptive grids, install *astropy*!
package *mhealpy* not found -> if you want to use plotting functionality for adaptive grids, install *mhealpy*!
Cannot use healpy functionality. Install healpy, if you need to do entropy scanning!
[1;34mgraphnet[0m [SpawnProcess-28] [33mWARNING [0m 2026-07-28 21:46:05 - <module> - `graphnet.models.graphs` will be depricated soon. All functionality has been moved to `graphnet.models.data_representation`.[0m
[1;34mgraphnet[0m [SpawnProcess-29] [33mWARNING [0m 2026-07-28 21:46:08 - <module> - `icecube` not available. Some functionality may be missing.[0m
[1;34mgraphnet[0m [SpawnProcess-29] [33mWARNING [0m 2026-07-28 21:46:08 - <module> - `km3net` not available. Some functionality may be missing.[0m
torchdiffeq not found - no support for continuous flows. Install *torchdiffeq* if support is desired!
Meander not installed... contours can not be calculated.
Healpy not installed... spherical contours can not be calculated.
package *astropy* not found -> if you want to use plotting functionality for adaptive grids, install *astropy*!
package *mhealpy* not found -> if you want to use plotting functionality for adaptive grids, install *mhealpy*!
Cannot use healpy functionality. Install healpy, if you need to do entropy scanning!
[1;34mgraphnet[0m [SpawnProcess-29] [33mWARNING [0m 2026-07-28 21:46:09 - <module> - `graphnet.models.graphs` will be depricated soon. All functionality has been moved to `graphnet.models.data_representation`.[0m
[1;34mgraphnet[0m [SpawnProcess-30] [33mWARNING [0m 2026-07-28 21:46:12 - <module> - `icecube` not available. Some functionality may be missing.[0m
[1;34mgraphnet[0m [SpawnProcess-30] [33mWARNING [0m 2026-07-28 21:46:12 - <module> - `km3net` not available. Some functionality may be missing.[0m
torchdiffeq not found - no support for continuous flows. Install *torchdiffeq* if support is desired!
Meander not installed... contours can not be calculated.
Healpy not installed... spherical contours can not be calculated.
package *astropy* not found -> if you want to use plotting functionality for adaptive grids, install *astropy*!
package *mhealpy* not found -> if you want to use plotting functionality for adaptive grids, install *mhealpy*!
Cannot use healpy functionality. Install healpy, if you need to do entropy scanning!
[1;34mgraphnet[0m [SpawnProcess-30] [33mWARNING [0m 2026-07-28 21:46:13 - <module> - `graphnet.models.graphs` will be depricated soon. All functionality has been moved to `graphnet.models.data_representation`.[0m
[1;34mgraphnet[0m [SpawnProcess-31] [33mWARNING [0m 2026-07-28 21:46:15 - <module> - `icecube` not available. Some functionality may be missing.[0m
[1;34mgraphnet[0m [SpawnProcess-31] [33mWARNING [0m 2026-07-28 21:46:16 - <module> - `km3net` not available. Some functionality may be missing.[0m
torchdiffeq not found - no support for continuous flows. Install *torchdiffeq* if support is desired!
Meander not installed... contours can not be calculated.
Healpy not installed... spherical contours can not be calculated.
package *astropy* not found -> if you want to use plotting functionality for adaptive grids, install *astropy*!
package *mhealpy* not found -> if you want to use plotting functionality for adaptive grids, install *mhealpy*!
Cannot use healpy functionality. Install healpy, if you need to do entropy scanning!
[1;34mgraphnet[0m [SpawnProcess-31] [33mWARNING [0m 2026-07-28 21:46:16 - <module> - `graphnet.models.graphs` will be depricated soon. All functionality has been moved to `graphnet.models.data_representation`.[0m
[1;34mgraphnet[0m [SpawnProcess-32] [33mWARNING [0m 2026-07-28 21:46:19 - <module> - `icecube` not available. Some functionality may be missing.[0m
[1;34mgraphnet[0m [SpawnProcess-32] [33mWARNING [0m 2026-07-28 21:46:19 - <module> - `km3net` not available. Some functionality may be missing.[0m
torchdiffeq not found - no support for continuous flows. Install *torchdiffeq* if support is desired!
Meander not installed... contours can not be calculated.
Healpy not installed... spherical contours can not be calculated.
package *astropy* not found -> if you want to use plotting functionality for adaptive grids, install *astropy*!
package *mhealpy* not found -> if you want to use plotting functionality for adaptive grids, install *mhealpy*!
Cannot use healpy functionality. Install healpy, if you need to do entropy scanning!
[1;34mgraphnet[0m [SpawnProcess-32] [33mWARNING [0m 2026-07-28 21:46:20 - <module> - `graphnet.models.graphs` will be depricated soon. All functionality has been moved to `graphnet.models.data_representation`.[0m
Metric val_macro_median_deg improved. New best score: 9.136
[Checkpoint:stage_b] best_macro_median: val_macro_median_deg=9.13602 at epoch 0
[Checkpoint:stage_b] best_global_median: val_global_median_deg=10.4657 at epoch 0
[Checkpoint:stage_b] best_global_q68: val_global_q68_deg=17.4135 at epoch 0
[Checkpoint:stage_b] best_weighted_objective: val_objective_loss_weighted=0.298566 at epoch 0
Metric val_macro_median_deg improved by 0.994 >= min_delta = 0.001. New best score: 8.142
[Checkpoint:stage_b] best_macro_median: val_macro_median_deg=8.14181 at epoch 1
[Checkpoint:stage_b] best_global_median: val_global_median_deg=9.31923 at epoch 1
[Checkpoint:stage_b] best_global_q68: val_global_q68_deg=15.4675 at epoch 1
[Checkpoint:stage_b] best_weighted_objective: val_objective_loss_weighted=0.255808 at epoch 1
Metric val_macro_median_deg improved by 0.110 >= min_delta = 0.001. New best score: 8.032
[Checkpoint:stage_b] best_macro_median: val_macro_median_deg=8.0321 at epoch 2
[Checkpoint:stage_b] best_global_median: val_global_median_deg=9.09708 at epoch 2
[Checkpoint:stage_b] best_global_q68: val_global_q68_deg=15.2177 at epoch 2
[Checkpoint:stage_b] best_weighted_objective: val_objective_loss_weighted=0.244089 at epoch 2
[Checkpoint:stage_b] best_global_median: val_global_median_deg=9.09032 at epoch 3
[Checkpoint:stage_b] best_global_q68: val_global_q68_deg=14.9303 at epoch 3
[Checkpoint:stage_b] best_weighted_objective: val_objective_loss_weighted=0.242848 at epoch 3
Metric val_macro_median_deg improved by 0.392 >= min_delta = 0.001. New best score: 7.640
[Checkpoint:stage_b] best_macro_median: val_macro_median_deg=7.64015 at epoch 4
[Checkpoint:stage_b] best_global_median: val_global_median_deg=8.58173 at epoch 4
[Checkpoint:stage_b] best_global_q68: val_global_q68_deg=14.0658 at epoch 4
[Checkpoint:stage_b] best_weighted_objective: val_objective_loss_weighted=0.221616 at epoch 4
Metric val_macro_median_deg improved by 0.719 >= min_delta = 0.001. New best score: 6.921
[Checkpoint:stage_b] best_macro_median: val_macro_median_deg=6.92071 at epoch 5
[Checkpoint:stage_b] best_global_median: val_global_median_deg=7.80063 at epoch 5
[Checkpoint:stage_b] best_global_q68: val_global_q68_deg=13.1452 at epoch 5
[Checkpoint:stage_b] best_weighted_objective: val_objective_loss_weighted=0.191667 at epoch 5
Metric val_macro_median_deg improved by 0.040 >= min_delta = 0.001. New best score: 6.880
[Checkpoint:stage_b] best_macro_median: val_macro_median_deg=6.8803 at epoch 6
[Checkpoint:stage_b] best_global_q68: val_global_q68_deg=12.9933 at epoch 7
[Checkpoint:stage_b] best_weighted_objective: val_objective_loss_weighted=0.191454 at epoch 7
Metric val_macro_median_deg improved by 0.035 >= min_delta = 0.001. New best score: 6.845
[Checkpoint:stage_b] best_macro_median: val_macro_median_deg=6.8454 at epoch 8
[Checkpoint:stage_b] best_global_median: val_global_median_deg=7.78696 at epoch 8
[Checkpoint:stage_b] best_global_q68: val_global_q68_deg=12.9772 at epoch 8
[Checkpoint:stage_b] best_weighted_objective: val_objective_loss_weighted=0.184717 at epoch 8
Metric val_macro_median_deg improved by 0.241 >= min_delta = 0.001. New best score: 6.604
[Checkpoint:stage_b] best_macro_median: val_macro_median_deg=6.60447 at epoch 9
[Checkpoint:stage_b] best_global_median: val_global_median_deg=7.49438 at epoch 9
[Checkpoint:stage_b] best_global_q68: val_global_q68_deg=12.5451 at epoch 9
[Checkpoint:stage_b] best_weighted_objective: val_objective_loss_weighted=0.17271 at epoch 9
Metric val_macro_median_deg improved by 0.085 >= min_delta = 0.001. New best score: 6.519
[Checkpoint:stage_b] best_macro_median: val_macro_median_deg=6.51924 at epoch 10
[Checkpoint:stage_b] best_global_median: val_global_median_deg=7.45701 at epoch 10
Metric val_macro_median_deg improved by 0.109 >= min_delta = 0.001. New best score: 6.410
[Checkpoint:stage_b] best_macro_median: val_macro_median_deg=6.41023 at epoch 11
[Checkpoint:stage_b] best_global_median: val_global_median_deg=7.3342 at epoch 11
[Checkpoint:stage_b] best_global_q68: val_global_q68_deg=12.2686 at epoch 11
[Checkpoint:stage_b] best_weighted_objective: val_objective_loss_weighted=0.170969 at epoch 11
Metric val_macro_median_deg improved by 0.244 >= min_delta = 0.001. New best score: 6.166
[Checkpoint:stage_b] best_macro_median: val_macro_median_deg=6.16645 at epoch 12
[Checkpoint:stage_b] best_global_median: val_global_median_deg=7.13284 at epoch 12
[Checkpoint:stage_b] best_global_q68: val_global_q68_deg=12.1161 at epoch 12
[Checkpoint:stage_b] best_weighted_objective: val_objective_loss_weighted=0.160453 at epoch 12
Metric val_macro_median_deg improved by 0.016 >= min_delta = 0.001. New best score: 6.151
[Checkpoint:stage_b] best_macro_median: val_macro_median_deg=6.15081 at epoch 13
[Checkpoint:stage_b] best_global_median: val_global_median_deg=7.08885 at epoch 13
[Checkpoint:stage_b] best_global_q68: val_global_q68_deg=12.04 at epoch 13
[Checkpoint:stage_b] best_weighted_objective: val_objective_loss_weighted=0.156625 at epoch 13
[Checkpoint:stage_b] best_weighted_objective: val_objective_loss_weighted=0.154532 at epoch 14
Metric val_macro_median_deg improved by 0.035 >= min_delta = 0.001. New best score: 6.116
[Checkpoint:stage_b] best_macro_median: val_macro_median_deg=6.11629 at epoch 15
[Checkpoint:stage_b] best_global_q68: val_global_q68_deg=11.9068 at epoch 15
[Checkpoint:stage_b] best_weighted_objective: val_objective_loss_weighted=0.152427 at epoch 15
[Checkpoint:stage_b] best_global_median: val_global_median_deg=7.03831 at epoch 16
[Checkpoint:stage_b] best_global_q68: val_global_q68_deg=11.8377 at epoch 16
[Checkpoint:stage_b] best_weighted_objective: val_objective_loss_weighted=0.152078 at epoch 17
Metric val_macro_median_deg improved by 0.244 >= min_delta = 0.001. New best score: 5.872
[Checkpoint:stage_b] best_macro_median: val_macro_median_deg=5.87225 at epoch 18
[Checkpoint:stage_b] best_global_median: val_global_median_deg=6.90816 at epoch 18
[Checkpoint:stage_b] best_global_q68: val_global_q68_deg=11.617 at epoch 18
[Checkpoint:stage_b] best_weighted_objective: val_objective_loss_weighted=0.143409 at epoch 18
Metric val_macro_median_deg improved by 0.001 >= min_delta = 0.001. New best score: 5.871
[Checkpoint:stage_b] best_macro_median: val_macro_median_deg=5.87124 at epoch 19
[Checkpoint:stage_b] best_global_median: val_global_median_deg=6.89623 at epoch 19
[Checkpoint:stage_b] best_weighted_objective: val_objective_loss_weighted=0.141192 at epoch 19
Metric val_macro_median_deg improved by 0.062 >= min_delta = 0.001. New best score: 5.809
[Checkpoint:stage_b] best_macro_median: val_macro_median_deg=5.80885 at epoch 21
[Checkpoint:stage_b] best_global_median: val_global_median_deg=6.85815 at epoch 21
[Checkpoint:stage_b] best_global_q68: val_global_q68_deg=11.5872 at epoch 21
[Checkpoint:stage_b] best_weighted_objective: val_objective_loss_weighted=0.138513 at epoch 21
Metric val_macro_median_deg improved by 0.051 >= min_delta = 0.001. New best score: 5.758
[Checkpoint:stage_b] best_macro_median: val_macro_median_deg=5.7577 at epoch 23
[Checkpoint:stage_b] best_global_median: val_global_median_deg=6.78419 at epoch 23
[Checkpoint:stage_b] best_global_q68: val_global_q68_deg=11.4225 at epoch 23
[Checkpoint:stage_b] best_weighted_objective: val_objective_loss_weighted=0.13568 at epoch 23
[Checkpoint:stage_b] best_global_q68: val_global_q68_deg=11.4163 at epoch 24
Metric val_macro_median_deg improved by 0.022 >= min_delta = 0.001. New best score: 5.736
[Checkpoint:stage_b] best_macro_median: val_macro_median_deg=5.73609 at epoch 25
[Checkpoint:stage_b] best_global_median: val_global_median_deg=6.77805 at epoch 25
[Checkpoint:stage_b] best_weighted_objective: val_objective_loss_weighted=0.134969 at epoch 25
[Checkpoint:stage_b] best_global_median: val_global_median_deg=6.71484 at epoch 26
[Checkpoint:stage_b] best_global_q68: val_global_q68_deg=11.3714 at epoch 26
[Checkpoint:stage_b] best_weighted_objective: val_objective_loss_weighted=0.133733 at epoch 26
Metric val_macro_median_deg improved by 0.050 >= min_delta = 0.001. New best score: 5.686
[Checkpoint:stage_b] best_macro_median: val_macro_median_deg=5.68568 at epoch 27
[Checkpoint:stage_b] best_global_median: val_global_median_deg=6.71295 at epoch 27
[Checkpoint:stage_b] best_weighted_objective: val_objective_loss_weighted=0.13297 at epoch 27
Metric val_macro_median_deg improved by 0.015 >= min_delta = 0.001. New best score: 5.670
[Checkpoint:stage_b] best_macro_median: val_macro_median_deg=5.6702 at epoch 28
[Checkpoint:stage_b] best_global_median: val_global_median_deg=6.66653 at epoch 28
[Checkpoint:stage_b] best_global_q68: val_global_q68_deg=11.3478 at epoch 28
[Checkpoint:stage_b] best_weighted_objective: val_objective_loss_weighted=0.131998 at epoch 28
Metric val_macro_median_deg improved by 0.024 >= min_delta = 0.001. New best score: 5.647
[Checkpoint:stage_b] best_macro_median: val_macro_median_deg=5.64663 at epoch 29
[Checkpoint:stage_b] best_global_q68: val_global_q68_deg=11.3255 at epoch 29
[Checkpoint:stage_b] best_weighted_objective: val_objective_loss_weighted=0.131327 at epoch 29
`Trainer.fit` stopped: `max_epochs=30` reached.
[Done] Joint-direction outputs: /project/def-nahee/kbas/Graphnet-Applications/Results/340StringMC_JointDirection/102_string_emax1e6/joint_weighted_alpha05_v1
--- train_direction finished rc=0
